[      87ms] [WARNING] <meta name="apple-mobile-web-app-capable" content="yes"> is deprecated. Please include <meta name="mobile-web-app-capable" content="yes"> @ https://sfa-app-qa.agreeablecoast-39adb1cd.eastus.azurecontainerapps.io/users/log-in:0
[     103ms] [ERROR] Failed to load resource: the server responded with a status of 404 () @ https://sfa-app-qa.agreeablecoast-39adb1cd.eastus.azurecontainerapps.io/images/icon-192.png:0
[     103ms] [WARNING] Error while trying to use the following icon from the Manifest: https://sfa-app-qa.agreeablecoast-39adb1cd.eastus.azurecontainerapps.io/images/icon-192.png (Download error or resource isn't a valid image) @ https://sfa-app-qa.agreeablecoast-39adb1cd.eastus.azurecontainerapps.io/users/log-in:0
[  199038ms] [WARNING] <meta name="apple-mobile-web-app-capable" content="yes"> is deprecated. Please include <meta name="mobile-web-app-capable" content="yes"> @ https://sfa-app-qa.agreeablecoast-39adb1cd.eastus.azurecontainerapps.io/users/log-in:0
[  199055ms] [ERROR] Failed to load resource: the server responded with a status of 404 () @ https://sfa-app-qa.agreeablecoast-39adb1cd.eastus.azurecontainerapps.io/images/icon-192.png:0
[  199055ms] [WARNING] Error while trying to use the following icon from the Manifest: https://sfa-app-qa.agreeablecoast-39adb1cd.eastus.azurecontainerapps.io/images/icon-192.png (Download error or resource isn't a valid image) @ https://sfa-app-qa.agreeablecoast-39adb1cd.eastus.azurecontainerapps.io/users/log-in:0
[  203459ms] [WARNING] <meta name="apple-mobile-web-app-capable" content="yes"> is deprecated. Please include <meta name="mobile-web-app-capable" content="yes"> @ https://sfa-app-qa.agreeablecoast-39adb1cd.eastus.azurecontainerapps.io/users/log-in:0
[  203476ms] [ERROR] Failed to load resource: the server responded with a status of 404 () @ https://sfa-app-qa.agreeablecoast-39adb1cd.eastus.azurecontainerapps.io/images/icon-192.png:0
[  203476ms] [WARNING] Error while trying to use the following icon from the Manifest: https://sfa-app-qa.agreeablecoast-39adb1cd.eastus.azurecontainerapps.io/images/icon-192.png (Download error or resource isn't a valid image) @ https://sfa-app-qa.agreeablecoast-39adb1cd.eastus.azurecontainerapps.io/users/log-in:0
[  205662ms] [ERROR] Failed to load resource: the server responded with a status of 404 () @ https://sfa-app-qa.agreeablecoast-39adb1cd.eastus.azurecontainerapps.io/dev/mailbox:0
[  207266ms] [WARNING] <meta name="apple-mobile-web-app-capable" content="yes"> is deprecated. Please include <meta name="mobile-web-app-capable" content="yes"> @ https://sfa-app-qa.agreeablecoast-39adb1cd.eastus.azurecontainerapps.io/users/log-in:0
[  207282ms] [ERROR] Failed to load resource: the server responded with a status of 404 () @ https://sfa-app-qa.agreeablecoast-39adb1cd.eastus.azurecontainerapps.io/images/icon-192.png:0
[  207283ms] [WARNING] Error while trying to use the following icon from the Manifest: https://sfa-app-qa.agreeablecoast-39adb1cd.eastus.azurecontainerapps.io/images/icon-192.png (Download error or resource isn't a valid image) @ https://sfa-app-qa.agreeablecoast-39adb1cd.eastus.azurecontainerapps.io/users/log-in:0
[  217891ms] [WARNING] <meta name="apple-mobile-web-app-capable" content="yes"> is deprecated. Please include <meta name="mobile-web-app-capable" content="yes"> @ https://sfa-app-qa.agreeablecoast-39adb1cd.eastus.azurecontainerapps.io/users/log-in:0
[  217907ms] [ERROR] Failed to load resource: the server responded with a status of 404 () @ https://sfa-app-qa.agreeablecoast-39adb1cd.eastus.azurecontainerapps.io/images/icon-192.png:0
[  217907ms] [WARNING] Error while trying to use the following icon from the Manifest: https://sfa-app-qa.agreeablecoast-39adb1cd.eastus.azurecontainerapps.io/images/icon-192.png (Download error or resource isn't a valid image) @ https://sfa-app-qa.agreeablecoast-39adb1cd.eastus.azurecontainerapps.io/users/log-in:0
[  220016ms] [WARNING] <meta name="apple-mobile-web-app-capable" content="yes"> is deprecated. Please include <meta name="mobile-web-app-capable" content="yes"> @ https://sfa-app-qa.agreeablecoast-39adb1cd.eastus.azurecontainerapps.io/users/log-in:0
[  220035ms] [ERROR] Failed to load resource: the server responded with a status of 404 () @ https://sfa-app-qa.agreeablecoast-39adb1cd.eastus.azurecontainerapps.io/images/icon-192.png:0
[  220036ms] [WARNING] Error while trying to use the following icon from the Manifest: https://sfa-app-qa.agreeablecoast-39adb1cd.eastus.azurecontainerapps.io/images/icon-192.png (Download error or resource isn't a valid image) @ https://sfa-app-qa.agreeablecoast-39adb1cd.eastus.azurecontainerapps.io/users/log-in:0
[  246640ms] [WARNING] <meta name="apple-mobile-web-app-capable" content="yes"> is deprecated. Please include <meta name="mobile-web-app-capable" content="yes"> @ https://sfa-app-qa.agreeablecoast-39adb1cd.eastus.azurecontainerapps.io/users/log-in:0
[  246672ms] [ERROR] Failed to load resource: the server responded with a status of 404 () @ https://sfa-app-qa.agreeablecoast-39adb1cd.eastus.azurecontainerapps.io/images/icon-192.png:0
[  246672ms] [WARNING] Error while trying to use the following icon from the Manifest: https://sfa-app-qa.agreeablecoast-39adb1cd.eastus.azurecontainerapps.io/images/icon-192.png (Download error or resource isn't a valid image) @ https://sfa-app-qa.agreeablecoast-39adb1cd.eastus.azurecontainerapps.io/users/log-in:0
