[     276ms] [WARNING] Optimization opportunity: "react-on-rails" includes ~14KB of server-rendering code. Browsers may not need it. See https://forum.shakacode.com/t/how-to-use-different-versions-of-a-file-for-client-and-server-rendering/1352 (Requires creating a free account). Click this for the stack trace. @ https://ph.samplefocus.com/static/posthog-recorder.js?v=1.357.0:0
[     277ms] [WARNING] Optimization opportunity: "react-on-rails-pro" includes ~14KB of server-rendering code. Browsers may not need it. See https://forum.shakacode.com/t/how-to-use-different-versions-of-a-file-for-client-and-server-rendering/1352 (Requires creating a free account). Click this for the stack trace. @ https://ph.samplefocus.com/static/posthog-recorder.js?v=1.357.0:0
[     877ms] [WARNING] You are using replayIntegration() even though this bundle does not include replay. @ https://ph.samplefocus.com/static/posthog-recorder.js?v=1.357.0:0
[    5362ms] [WARNING] Warning: component 'Carousel' was registered but never used. This may indicate unused code that can be removed. @ https://ph.samplefocus.com/static/posthog-recorder.js?v=1.357.0:0
[    5363ms] [WARNING] Warning: component 'CollapsibleGenreBrowser' was registered but never used. This may indicate unused code that can be removed. @ https://ph.samplefocus.com/static/posthog-recorder.js?v=1.357.0:0
[    5364ms] [WARNING] Warning: component 'CollectionHero' was registered but never used. This may indicate unused code that can be removed. @ https://ph.samplefocus.com/static/posthog-recorder.js?v=1.357.0:0
[    5365ms] [WARNING] Warning: component 'Collections' was registered but never used. This may indicate unused code that can be removed. @ https://ph.samplefocus.com/static/posthog-recorder.js?v=1.357.0:0
[    5366ms] [WARNING] Warning: component 'CommentWidget' was registered but never used. This may indicate unused code that can be removed. @ https://ph.samplefocus.com/static/posthog-recorder.js?v=1.357.0:0
[    5368ms] [WARNING] Warning: component 'ComplementarySamples' was registered but never used. This may indicate unused code that can be removed. @ https://ph.samplefocus.com/static/posthog-recorder.js?v=1.357.0:0
[    5369ms] [WARNING] Warning: component 'BottomDrawer' was registered but never used. This may indicate unused code that can be removed. @ https://ph.samplefocus.com/static/posthog-recorder.js?v=1.357.0:0
[    5369ms] [WARNING] Warning: component 'NotificationsDropdown' was registered but never used. This may indicate unused code that can be removed. @ https://ph.samplefocus.com/static/posthog-recorder.js?v=1.357.0:0
[    5369ms] [WARNING] Warning: component 'NotificationsFeed' was registered but never used. This may indicate unused code that can be removed. @ https://ph.samplefocus.com/static/posthog-recorder.js?v=1.357.0:0
[    5369ms] [WARNING] Warning: component 'PlaylistHero' was registered but never used. This may indicate unused code that can be removed. @ https://ph.samplefocus.com/static/posthog-recorder.js?v=1.357.0:0
[    5369ms] [WARNING] Warning: component 'PlaylistsList' was registered but never used. This may indicate unused code that can be removed. @ https://ph.samplefocus.com/static/posthog-recorder.js?v=1.357.0:0
[    5369ms] [WARNING] Warning: component 'ProfileNavTabs' was registered but never used. This may indicate unused code that can be removed. @ https://ph.samplefocus.com/static/posthog-recorder.js?v=1.357.0:0
[    5370ms] [WARNING] Warning: component 'ReportButton' was registered but never used. This may indicate unused code that can be removed. @ https://ph.samplefocus.com/static/posthog-recorder.js?v=1.357.0:0
[    5370ms] [WARNING] Warning: component 'SaleCountdown' was registered but never used. This may indicate unused code that can be removed. @ https://ph.samplefocus.com/static/posthog-recorder.js?v=1.357.0:0
[    5370ms] [WARNING] Warning: component 'SampleBookmarkMenu' was registered but never used. This may indicate unused code that can be removed. @ https://ph.samplefocus.com/static/posthog-recorder.js?v=1.357.0:0
[    5371ms] [WARNING] Warning: component 'SampleHero' was registered but never used. This may indicate unused code that can be removed. @ https://ph.samplefocus.com/static/posthog-recorder.js?v=1.357.0:0
[    5371ms] [WARNING] Warning: component 'SequenceHero' was registered but never used. This may indicate unused code that can be removed. @ https://ph.samplefocus.com/static/posthog-recorder.js?v=1.357.0:0
[    5371ms] [WARNING] Warning: component 'SamplesAndCollections' was registered but never used. This may indicate unused code that can be removed. @ https://ph.samplefocus.com/static/posthog-recorder.js?v=1.357.0:0
[    5372ms] [WARNING] Warning: component 'SamplesStoreWrapper' was registered but never used. This may indicate unused code that can be removed. @ https://ph.samplefocus.com/static/posthog-recorder.js?v=1.357.0:0
[    5372ms] [WARNING] Warning: component 'SequenceWaveformContainer' was registered but never used. This may indicate unused code that can be removed. @ https://ph.samplefocus.com/static/posthog-recorder.js?v=1.357.0:0
[    5372ms] [WARNING] Warning: component 'Sequences' was registered but never used. This may indicate unused code that can be removed. @ https://ph.samplefocus.com/static/posthog-recorder.js?v=1.357.0:0
[    5373ms] [WARNING] Warning: component 'SignInPanel' was registered but never used. This may indicate unused code that can be removed. @ https://ph.samplefocus.com/static/posthog-recorder.js?v=1.357.0:0
[    5374ms] [WARNING] Warning: component 'SignUp' was registered but never used. This may indicate unused code that can be removed. @ https://ph.samplefocus.com/static/posthog-recorder.js?v=1.357.0:0
[    5374ms] [WARNING] Warning: component 'SignUpOfferDialog' was registered but never used. This may indicate unused code that can be removed. @ https://ph.samplefocus.com/static/posthog-recorder.js?v=1.357.0:0
[    5374ms] [WARNING] Warning: component 'UserProfileEditForm' was registered but never used. This may indicate unused code that can be removed. @ https://ph.samplefocus.com/static/posthog-recorder.js?v=1.357.0:0
[    5374ms] [WARNING] Warning: component 'UserSummaryCard' was registered but never used. This may indicate unused code that can be removed. @ https://ph.samplefocus.com/static/posthog-recorder.js?v=1.357.0:0
[   31767ms] [WARNING] Optimization opportunity: "react-on-rails" includes ~14KB of server-rendering code. Browsers may not need it. See https://forum.shakacode.com/t/how-to-use-different-versions-of-a-file-for-client-and-server-rendering/1352 (Requires creating a free account). Click this for the stack trace. @ https://ph.samplefocus.com/static/posthog-recorder.js?v=1.357.0:0
[   31769ms] [WARNING] Optimization opportunity: "react-on-rails-pro" includes ~14KB of server-rendering code. Browsers may not need it. See https://forum.shakacode.com/t/how-to-use-different-versions-of-a-file-for-client-and-server-rendering/1352 (Requires creating a free account). Click this for the stack trace. @ https://ph.samplefocus.com/static/posthog-recorder.js?v=1.357.0:0
[   31901ms] Uncaught Error: Minified React error #418; visit https://reactjs.org/docs/error-decoder.html?invariant=418 for the full message or use the non-minified dev environment for full errors and additional helpful warnings.
    at pa (https://d1yg5d5ep3qn10.cloudfront.net/packs/js/541-45503fcacf71983a986c.js:1:192531)
    at Xs (https://d1yg5d5ep3qn10.cloudfront.net/packs/js/541-45503fcacf71983a986c.js:1:228197)
    at wc (https://d1yg5d5ep3qn10.cloudfront.net/packs/js/541-45503fcacf71983a986c.js:1:253169)
    at bc (https://d1yg5d5ep3qn10.cloudfront.net/packs/js/541-45503fcacf71983a986c.js:1:253050)
    at vc (https://d1yg5d5ep3qn10.cloudfront.net/packs/js/541-45503fcacf71983a986c.js:1:252917)
    at gc (https://d1yg5d5ep3qn10.cloudfront.net/packs/js/541-45503fcacf71983a986c.js:1:252780)
    at oc (https://d1yg5d5ep3qn10.cloudfront.net/packs/js/541-45503fcacf71983a986c.js:1:247884)
    at S (https://d1yg5d5ep3qn10.cloudfront.net/packs/js/541-45503fcacf71983a986c.js:1:443234)
    at T (https://d1yg5d5ep3qn10.cloudfront.net/packs/js/541-45503fcacf71983a986c.js:1:443768)
[   31903ms] Uncaught Error: Minified React error #418; visit https://reactjs.org/docs/error-decoder.html?invariant=418 for the full message or use the non-minified dev environment for full errors and additional helpful warnings.
    at ua (https://d1yg5d5ep3qn10.cloudfront.net/packs/js/541-45503fcacf71983a986c.js:1:192071)
    at Al (https://d1yg5d5ep3qn10.cloudfront.net/packs/js/541-45503fcacf71983a986c.js:1:265577)
    at bc (https://d1yg5d5ep3qn10.cloudfront.net/packs/js/541-45503fcacf71983a986c.js:1:252989)
    at vc (https://d1yg5d5ep3qn10.cloudfront.net/packs/js/541-45503fcacf71983a986c.js:1:252917)
    at gc (https://d1yg5d5ep3qn10.cloudfront.net/packs/js/541-45503fcacf71983a986c.js:1:252780)
    at oc (https://d1yg5d5ep3qn10.cloudfront.net/packs/js/541-45503fcacf71983a986c.js:1:247884)
    at S (https://d1yg5d5ep3qn10.cloudfront.net/packs/js/541-45503fcacf71983a986c.js:1:443234)
    at T (https://d1yg5d5ep3qn10.cloudfront.net/packs/js/541-45503fcacf71983a986c.js:1:443768)
[   31911ms] Uncaught Error: Minified React error #423; visit https://reactjs.org/docs/error-decoder.html?invariant=423 for the full message or use the non-minified dev environment for full errors and additional helpful warnings.
    at Al (https://d1yg5d5ep3qn10.cloudfront.net/packs/js/541-45503fcacf71983a986c.js:1:265263)
    at bc (https://d1yg5d5ep3qn10.cloudfront.net/packs/js/541-45503fcacf71983a986c.js:1:252989)
    at vc (https://d1yg5d5ep3qn10.cloudfront.net/packs/js/541-45503fcacf71983a986c.js:1:252917)
    at gc (https://d1yg5d5ep3qn10.cloudfront.net/packs/js/541-45503fcacf71983a986c.js:1:252780)
    at ac (https://d1yg5d5ep3qn10.cloudfront.net/packs/js/541-45503fcacf71983a986c.js:1:249560)
    at oc (https://d1yg5d5ep3qn10.cloudfront.net/packs/js/541-45503fcacf71983a986c.js:1:248111)
    at S (https://d1yg5d5ep3qn10.cloudfront.net/packs/js/541-45503fcacf71983a986c.js:1:443234)
    at T (https://d1yg5d5ep3qn10.cloudfront.net/packs/js/541-45503fcacf71983a986c.js:1:443768)
[   32142ms] [WARNING] You are using replayIntegration() even though this bundle does not include replay. @ https://ph.samplefocus.com/static/posthog-recorder.js?v=1.357.0:0
[   72795ms] [WARNING] Optimization opportunity: "react-on-rails" includes ~14KB of server-rendering code. Browsers may not need it. See https://forum.shakacode.com/t/how-to-use-different-versions-of-a-file-for-client-and-server-rendering/1352 (Requires creating a free account). Click this for the stack trace. @ https://ph.samplefocus.com/static/posthog-recorder.js?v=1.357.0:0
[   72795ms] [WARNING] Optimization opportunity: "react-on-rails-pro" includes ~14KB of server-rendering code. Browsers may not need it. See https://forum.shakacode.com/t/how-to-use-different-versions-of-a-file-for-client-and-server-rendering/1352 (Requires creating a free account). Click this for the stack trace. @ https://ph.samplefocus.com/static/posthog-recorder.js?v=1.357.0:0
[   72825ms] [ERROR] TypeError: Cannot read properties of null (reading 'map')
    at r (https://d1yg5d5ep3qn10.cloudfront.net/packs/js/402-3b120575781889d91c04.js:1:38018)
    at co.initializeStateFromProps (https://d1yg5d5ep3qn10.cloudfront.net/packs/js/client-bundle-836e939c1bf2268c5c35.js:4:37036)
    at new co (https://d1yg5d5ep3qn10.cloudfront.net/packs/js/client-bundle-836e939c1bf2268c5c35.js:4:36664)
    at is (https://d1yg5d5ep3qn10.cloudfront.net/packs/js/541-45503fcacf71983a986c.js:2:213866)
    at Es (https://d1yg5d5ep3qn10.cloudfront.net/packs/js/541-45503fcacf71983a986c.js:2:218704)
    at Al (https://d1yg5d5ep3qn10.cloudfront.net/packs/js/541-45503fcacf71983a986c.js:2:264849)
    at bc (https://d1yg5d5ep3qn10.cloudfront.net/packs/js/541-45503fcacf71983a986c.js:2:252990)
    at vc (https://d1yg5d5ep3qn10.cloudfront.net/packs/js/541-45503fcacf71983a986c.js:2:252918)
    at gc (https://d1yg5d5ep3qn10.cloudfront.net/packs/js/541-45503fcacf71983a986c.js:2:252781)
    at ac (https://d1yg5d5ep3qn10.cloudfront.net/packs/js/541-45503fcacf71983a986c.js:2:249561) @ https://ph.samplefocus.com/static/posthog-recorder.js?v=1.357.0:0
[   73030ms] Uncaught TypeError: Cannot read properties of null (reading 'map')
    at r (https://d1yg5d5ep3qn10.cloudfront.net/packs/js/402-3b120575781889d91c04.js:0:38017)
    at initializeStateFromProps (https://d1yg5d5ep3qn10.cloudfront.net/packs/js/client-bundle-836e939c1bf2268c5c35.js:3:37035)
    at co (https://d1yg5d5ep3qn10.cloudfront.net/packs/js/client-bundle-836e939c1bf2268c5c35.js:3:36663)
    at is (https://d1yg5d5ep3qn10.cloudfront.net/packs/js/541-45503fcacf71983a986c.js:1:213865)
    at Es (https://d1yg5d5ep3qn10.cloudfront.net/packs/js/541-45503fcacf71983a986c.js:1:218703)
    at Al (https://d1yg5d5ep3qn10.cloudfront.net/packs/js/541-45503fcacf71983a986c.js:1:264848)
    at bc (https://d1yg5d5ep3qn10.cloudfront.net/packs/js/541-45503fcacf71983a986c.js:1:252989)
    at vc (https://d1yg5d5ep3qn10.cloudfront.net/packs/js/541-45503fcacf71983a986c.js:1:252917)
    at gc (https://d1yg5d5ep3qn10.cloudfront.net/packs/js/541-45503fcacf71983a986c.js:1:252780)
    at ac (https://d1yg5d5ep3qn10.cloudfront.net/packs/js/541-45503fcacf71983a986c.js:1:249560)
    at oc (https://d1yg5d5ep3qn10.cloudfront.net/packs/js/541-45503fcacf71983a986c.js:1:248111)
    at S (https://d1yg5d5ep3qn10.cloudfront.net/packs/js/541-45503fcacf71983a986c.js:1:443234)
    at T (https://d1yg5d5ep3qn10.cloudfront.net/packs/js/541-45503fcacf71983a986c.js:1:443768)
[   75172ms] [WARNING] You are using replayIntegration() even though this bundle does not include replay. @ https://ph.samplefocus.com/static/posthog-recorder.js?v=1.357.0:0
[   93790ms] [WARNING] Optimization opportunity: "react-on-rails" includes ~14KB of server-rendering code. Browsers may not need it. See https://forum.shakacode.com/t/how-to-use-different-versions-of-a-file-for-client-and-server-rendering/1352 (Requires creating a free account). Click this for the stack trace. @ https://ph.samplefocus.com/static/posthog-recorder.js?v=1.357.0:0
[   93791ms] [WARNING] Optimization opportunity: "react-on-rails-pro" includes ~14KB of server-rendering code. Browsers may not need it. See https://forum.shakacode.com/t/how-to-use-different-versions-of-a-file-for-client-and-server-rendering/1352 (Requires creating a free account). Click this for the stack trace. @ https://ph.samplefocus.com/static/posthog-recorder.js?v=1.357.0:0
[   93845ms] [ERROR] TypeError: Cannot read properties of null (reading 'map')
    at r (https://d1yg5d5ep3qn10.cloudfront.net/packs/js/402-3b120575781889d91c04.js:1:38018)
    at co.initializeStateFromProps (https://d1yg5d5ep3qn10.cloudfront.net/packs/js/client-bundle-836e939c1bf2268c5c35.js:4:37036)
    at new co (https://d1yg5d5ep3qn10.cloudfront.net/packs/js/client-bundle-836e939c1bf2268c5c35.js:4:36664)
    at is (https://d1yg5d5ep3qn10.cloudfront.net/packs/js/541-45503fcacf71983a986c.js:2:213866)
    at Es (https://d1yg5d5ep3qn10.cloudfront.net/packs/js/541-45503fcacf71983a986c.js:2:218704)
    at Al (https://d1yg5d5ep3qn10.cloudfront.net/packs/js/541-45503fcacf71983a986c.js:2:264849)
    at bc (https://d1yg5d5ep3qn10.cloudfront.net/packs/js/541-45503fcacf71983a986c.js:2:252990)
    at vc (https://d1yg5d5ep3qn10.cloudfront.net/packs/js/541-45503fcacf71983a986c.js:2:252918)
    at gc (https://d1yg5d5ep3qn10.cloudfront.net/packs/js/541-45503fcacf71983a986c.js:2:252781)
    at ac (https://d1yg5d5ep3qn10.cloudfront.net/packs/js/541-45503fcacf71983a986c.js:2:249561) @ https://ph.samplefocus.com/static/posthog-recorder.js?v=1.357.0:0
[   93917ms] Uncaught TypeError: Cannot read properties of null (reading 'map')
    at r (https://d1yg5d5ep3qn10.cloudfront.net/packs/js/402-3b120575781889d91c04.js:0:38017)
    at initializeStateFromProps (https://d1yg5d5ep3qn10.cloudfront.net/packs/js/client-bundle-836e939c1bf2268c5c35.js:3:37035)
    at co (https://d1yg5d5ep3qn10.cloudfront.net/packs/js/client-bundle-836e939c1bf2268c5c35.js:3:36663)
    at is (https://d1yg5d5ep3qn10.cloudfront.net/packs/js/541-45503fcacf71983a986c.js:1:213865)
    at Es (https://d1yg5d5ep3qn10.cloudfront.net/packs/js/541-45503fcacf71983a986c.js:1:218703)
    at Al (https://d1yg5d5ep3qn10.cloudfront.net/packs/js/541-45503fcacf71983a986c.js:1:264848)
    at bc (https://d1yg5d5ep3qn10.cloudfront.net/packs/js/541-45503fcacf71983a986c.js:1:252989)
    at vc (https://d1yg5d5ep3qn10.cloudfront.net/packs/js/541-45503fcacf71983a986c.js:1:252917)
    at gc (https://d1yg5d5ep3qn10.cloudfront.net/packs/js/541-45503fcacf71983a986c.js:1:252780)
    at ac (https://d1yg5d5ep3qn10.cloudfront.net/packs/js/541-45503fcacf71983a986c.js:1:249560)
    at oc (https://d1yg5d5ep3qn10.cloudfront.net/packs/js/541-45503fcacf71983a986c.js:1:248111)
    at S (https://d1yg5d5ep3qn10.cloudfront.net/packs/js/541-45503fcacf71983a986c.js:1:443234)
    at T (https://d1yg5d5ep3qn10.cloudfront.net/packs/js/541-45503fcacf71983a986c.js:1:443768)
[   93990ms] [WARNING] You are using replayIntegration() even though this bundle does not include replay. @ https://ph.samplefocus.com/static/posthog-recorder.js?v=1.357.0:0
