[    1239ms] [WARNING] [GPT] Unrecognized property encountered when calling setConfig: googletag.setConfig.contentPause
https://goo.gle/gpt-message#158 @ https://securepubads.g.doubleclick.net/pagead/managed/js/gpt/m202603020101/pubads_impl.js?cb=31096995:18
[    1474ms] [WARNING] An iframe which has both allow-scripts and allow-same-origin for its sandbox attribute can escape its sandboxing. @ https://scripts.mf.webcontentassessor.com/scripts/b645646b30821176835045b38b345f7d4529d3e9b8560c8151c9094ecb54fe5f:0
[    1659ms] [ERROR] Failed to load resource: the server responded with a status of 410 (Gone) @ https://ads.stickyadstv.com/user-matching?id=3586&gdpr=0&gdpr_consent=:0
[    1694ms] [ERROR] Failed to load resource: the server responded with a status of 404 () @ https://x.bidswitch.net/sync?ssp=sekindo&gdpr=0&gdpr_consent=:0
[    1860ms] [WARNING] Failed to execute 'postMessage' on 'DOMWindow': The target origin provided ('https://tpc.googlesyndication.com') does not match the recipient window's origin ('https://www.looperman.com'). @ https://live.primis.tech/content/pal/pal.js:9
[    2644ms] [WARNING] [Audigent] cannot find __gpp framework @ https://a.ad.gt/api/v1/u/matches/474?_it=freestar:0
[    3528ms] [WARNING] An iframe which has both allow-scripts and allow-same-origin for its sandbox attribute can escape its sandboxing. @ https://scripts.mf.webcontentassessor.com/scripts/b645646b30821176835045b38b345f7d4529d3e9b8560c8151c9094ecb54fe5f:0
[    3584ms] [WARNING] An iframe which has both allow-scripts and allow-same-origin for its sandbox attribute can escape its sandboxing. @ https://scripts.mf.webcontentassessor.com/scripts/b645646b30821176835045b38b345f7d4529d3e9b8560c8151c9094ecb54fe5f:0
[    3595ms] [WARNING] An iframe which has both allow-scripts and allow-same-origin for its sandbox attribute can escape its sandboxing. @ https://scripts.mf.webcontentassessor.com/scripts/b645646b30821176835045b38b345f7d4529d3e9b8560c8151c9094ecb54fe5f:0
[    3606ms] [WARNING] An iframe which has both allow-scripts and allow-same-origin for its sandbox attribute can escape its sandboxing. @ https://scripts.mf.webcontentassessor.com/scripts/b645646b30821176835045b38b345f7d4529d3e9b8560c8151c9094ecb54fe5f:0
[    4352ms] [WARNING] The resource https://d.pub.network/v2/sites/looperman-com/configs?env=PROD was preloaded using link preload but not used within a few seconds from the window's load event. Please make sure it has an appropriate `as` value and it is preloaded intentionally. @ https://www.looperman.com/loops/cats:0
[    4352ms] [WARNING] The resource https://www.looperman.com/assets-v3/icons/fonts/looperman-icon.ttf?v=6.1.19 was preloaded using link preload but not used within a few seconds from the window's load event. Please make sure it has an appropriate `as` value and it is preloaded intentionally. @ https://www.looperman.com/loops/cats:0
[    4401ms] [ERROR] Access to XMLHttpRequest at 'https://s.imganalytics.com/pgi/873648/pageview.json?pd=expdv&int=dv&hmns=v2%7Et-a9yMCV3r2-6zeUu-vHtNSDrt9M9QHUxo_R56r_aGd3p-qK9LeT072Cv676qPqJ87j8k7jzwpH7uuvTqYOjxsf4zr6slNKtvprEtNWYxaWslayq14bFr8GPyaPJ6Nak4KnsnbLvtcjXgbLN9t6Ai6L59Mr-o-WGuPWmgMO78tVWAV1yV1NdeAYKU3sPUgJ_REYabxZLGWYfGkQ3TUpBOnU0Hm9VQxtvaCV2VxNvZ1Y0Mz5OMmVjTVBnYxJqPTVGQhVIPEJ8HzceHRNiSE1KMwRTBXpXUWMTV1sGcg0NUiJlMGgaIGY4R14LViNbCzJEInlHMyRpIk9jPyVBOH4gQr-mnYXcl4GOkq3FotWPkfzRyo3imtGH_424yLzMl8b31K_thP6mudTp8rXSr_6xy6f1zJPxvOaW-rKlyP3mocbDkt0%7EpTZTVw_81pJvjbTgbonBgQfoteRuibTgAPnYlGaB-YENwNqUC-XaiA3wteRiibTgAOTAkG-NtOBuidqPCOW15G6JtOAA_9qEZo3zjwHu1oYP5LXka4m04Azv1YRvjbHgbonAkwn9teSBjx7rGvrAmm-NTx-RdsaPGvO88C_k0ZIH6tXPIOzDvzfmxosK_deIb4204G6JwIQB5LzxGf7DzgLm25AL-9mBAKfXjwPmwZICgZCIGv3Ek1Smm5cZ_pqMAebEhRzk1Y5A6tuNQeXbjx76m4MP_ceJDejE4WqJtOBu7tiBCIiw4G6JtIMG6NLhaom04G7-0JhfiLDgbom0kAPh2OFqibTgbvrXkhmIsAhribSTDfvc4Wpft-Bu-teBGYiwCGuJtJMN6Nzhajm34G7614MKiLD-bom0kw350OFql7Tgbu3EmByIsOJuibSkOP3c4WqItOBuzeKGHIiw4G6JtKQ4-9noaPrXkgf5wKQ4_cbgbs3ilB2JtKQ478zgbs3ihheJtKQ4-szgbs3ikxeJtIsY7cDoeLiM0V--gtFZvYTWVruN1Vq4hNZeuYSLGP3d6Eq-1dEKv4zTDKSC1Fy5mdQLvY3NV-uE1kO5gNAN7YPXXrCD01viwpMHgbLVX7GH0ljiwoQHgbmMAebEhRzk1Y5A6tuNBf_VkGaJ35Yb4LzvI8SNs1ra8aND3pmpXd2Gixj5xOhru4LRWr3flh7_vMRe6NCGXb2F1EPt0YJcpIDTX-uZ2Fq_0M1Y7daCCOuGgljshoQF_9OUZovBkwX_2YRmiIWLGPrG6GXk1YcA4MCFQOrbjQX_14lmj4zXXb-A2AX_19FmjofUXb2H2VriwoNcgbbRW-LCg12BtIsY6oDoa7uM01ux35YNvLzkXLuA2Rjgw4lvjfThbonCiQbsteRcibTgDOHYhW-Nk-BuicKPAuy15JF2Sx8M6NCQb4204G6J1oMG6LTgDOXRlm6J3YYN5rXkbYm04A' from origin 'https://www.looperman.com' has been blocked by CORS policy: No 'Access-Control-Allow-Origin' header is present on the requested resource. @ about:blank:0
[    4401ms] [ERROR] Failed to load resource: net::ERR_FAILED @ https://s.imganalytics.com/pgi/873648/pageview.json?pd=expdv&int=dv&hmns=v2%7Et-a9yMCV3r2-6zeUu-vHtNSDrt9M9QHUxo_R56r_aGd3p-qK9LeT072Cv676qPqJ87j8k7jzwpH7uuvTqYOjxsf4zr6slNKtvprEtNWYxaWslayq14bFr8GPyaPJ6Nak4KnsnbLvtcjXgbLN9t6Ai6L59Mr-o-WGuPWmgMO78tVWAV1yV1NdeAYKU3sPUgJ_REYabxZLGWYfGkQ3TUpBOnU0Hm9VQxtvaCV2VxNvZ1Y0Mz5OMmVjTVBnYxJqPTVGQhVIPEJ8HzceHRNiSE1KMwRTBXpXUWMTV1sGcg0NUiJlMGgaIGY4R14LViNbCzJEInlHMyRpIk9jPyVBOH4gQr-mnYXcl4GOkq3FotWPkfzRyo3imtGH_424yLzMl8b31K_thP6mudTp8rXSr_6xy6f1zJPxvOaW-rKlyP3mocbDkt0%7EpTZTVw_81pJvjbTgbonBgQfoteRuibTgAPnYlGaB-YENwNqUC-XaiA3wteRiibTgAOTAkG-NtOBuidqPCOW15G6JtOAA_9qEZo3zjwHu1oYP5LXka4m04Azv1YRvjbHgbonAkwn9teSBjx7rGvrAmm-NTx-RdsaPGvO88C_k0ZIH6tXPIOzDvzfmxosK_deIb4204G6JwIQB5LzxGf7DzgLm25AL-9mBAKfXjwPmwZICgZCIGv3Ek1Smm5cZ_pqMAebEhRzk1Y5A6tuNQeXbjx76m4MP_ceJDejE4WqJtOBu7tiBCIiw4G6JtIMG6NLhaom04G7-0JhfiLDgbom0kAPh2OFqibTgbvrXkhmIsAhribSTDfvc4Wpft-Bu-teBGYiwCGuJtJMN6Nzhajm34G7614MKiLD-bom0kw350OFql7Tgbu3EmByIsOJuibSkOP3c4WqItOBuzeKGHIiw4G6JtKQ4-9noaPrXkgf5wKQ4_cbgbs3ilB2JtKQ478zgbs3ihheJtKQ4-szgbs3ikxeJtIsY7cDoeLiM0V--gtFZvYTWVruN1Vq4hNZeuYSLGP3d6Eq-1dEKv4zTDKSC1Fy5mdQLvY3NV-uE1kO5gNAN7YPXXrCD01viwpMHgbLVX7GH0ljiwoQHgbmMAebEhRzk1Y5A6tuNBf_VkGaJ35Yb4LzvI8SNs1ra8aND3pmpXd2Gixj5xOhru4LRWr3flh7_vMRe6NCGXb2F1EPt0YJcpIDTX-uZ2Fq_0M1Y7daCCOuGgljshoQF_9OUZovBkwX_2YRmiIWLGPrG6GXk1YcA4MCFQOrbjQX_14lmj4zXXb-A2AX_19FmjofUXb2H2VriwoNcgbbRW-LCg12BtIsY6oDoa7uM01ux35YNvLzkXLuA2Rjgw4lvjfThbonCiQbsteRcibTgDOHYhW-Nk-BuicKPAuy15JF2Sx8M6NCQb4204G6J1oMG6LTgDOXRlm6J3YYN5rXkbYm04A:0
[    4402ms] [ERROR] Failed to load resource: net::ERR_NAME_NOT_RESOLVED @ https://hb.yahoo.net/cksync.php?cs=1&type=58280&ovsid=aebbec33-319a-4058-a0be-5b389889ae7e:0
[    4514ms] [ERROR] Failed to load resource: net::ERR_NAME_NOT_RESOLVED @ https://visitor-gen02.omnitagjs.com/visitor/bsync?uid=2fb7585bd6f377e69f88bdfc754f9473&name=gen01&url=https%3A%2F%2Fs.ad.smaato.net%2Fc%2F%3FdspCookie%3D%5Bvisid%5D%26dspId%3D1476%26gdpr%3D0%26gdpr_consent%3D&visitor=be66582b4a&gdpr=0&gdpr_consent=:0
[    5134ms] [ERROR] Failed to load resource: the server responded with a status of 404 () @ https://sync.crwdcntrl.net/qmap?c=2700&tp=UNDR&gdpr=&gdpr_consent=&tpid=6f1ruoypiue386ty2wriux69c:0
[    6413ms] [ERROR] Attestation check for Shared Storage on https://www.googleadservices.com failed. @ https://www.googleadservices.com/pagead/managed/js/activeview/current/reach_worklet.html:0
[    6413ms] [ERROR] Attestation check for Shared Storage on https://www.googleadservices.com failed. @ https://www.googleadservices.com/pagead/managed/js/activeview/current/reach_worklet.html:0
[    6413ms] [ERROR] Attestation check for Shared Storage on https://www.googleadservices.com failed. @ https://www.googleadservices.com/pagead/managed/js/activeview/current/reach_worklet.html:0
[    6887ms] [ERROR] Attestation check for Shared Storage on https://www.googleadservices.com failed. @ https://www.googleadservices.com/pagead/managed/js/activeview/current/reach_worklet.html:0
[    6413ms] [ERROR] Attestation check for Shared Storage on https://www.googleadservices.com failed. @ https://www.googleadservices.com/pagead/managed/js/activeview/current/reach_worklet.html:0
[    6887ms] [ERROR] Attestation check for Shared Storage on https://www.googleadservices.com failed. @ https://www.googleadservices.com/pagead/managed/js/activeview/current/reach_worklet.html:0
[    6946ms] [ERROR] Attestation check for Shared Storage on https://www.googleadservices.com failed. @ https://www.googleadservices.com/pagead/managed/js/activeview/current/reach_worklet.html:0
[    6998ms] [ERROR] Attestation check for Shared Storage on https://www.googleadservices.com failed. @ https://www.googleadservices.com/pagead/managed/js/activeview/current/reach_worklet.html:0
[    6413ms] [ERROR] Attestation check for Shared Storage on https://www.googleadservices.com failed. @ https://www.googleadservices.com/pagead/managed/js/activeview/current/reach_worklet.html:0
[    6887ms] [ERROR] Attestation check for Shared Storage on https://www.googleadservices.com failed. @ https://www.googleadservices.com/pagead/managed/js/activeview/current/reach_worklet.html:0
[    6946ms] [ERROR] Attestation check for Shared Storage on https://www.googleadservices.com failed. @ https://www.googleadservices.com/pagead/managed/js/activeview/current/reach_worklet.html:0
[    6998ms] [ERROR] Attestation check for Shared Storage on https://www.googleadservices.com failed. @ https://www.googleadservices.com/pagead/managed/js/activeview/current/reach_worklet.html:0
[    7156ms] [ERROR] Attestation check for Shared Storage on https://www.googleadservices.com failed. @ https://www.googleadservices.com/pagead/managed/js/activeview/current/reach_worklet.html:0
[    6413ms] [ERROR] Attestation check for Shared Storage on https://www.googleadservices.com failed. @ https://www.googleadservices.com/pagead/managed/js/activeview/current/reach_worklet.html:0
[    6887ms] [ERROR] Attestation check for Shared Storage on https://www.googleadservices.com failed. @ https://www.googleadservices.com/pagead/managed/js/activeview/current/reach_worklet.html:0
[    6946ms] [ERROR] Attestation check for Shared Storage on https://www.googleadservices.com failed. @ https://www.googleadservices.com/pagead/managed/js/activeview/current/reach_worklet.html:0
[    6998ms] [ERROR] Attestation check for Shared Storage on https://www.googleadservices.com failed. @ https://www.googleadservices.com/pagead/managed/js/activeview/current/reach_worklet.html:0
[    7156ms] [ERROR] Attestation check for Shared Storage on https://www.googleadservices.com failed. @ https://www.googleadservices.com/pagead/managed/js/activeview/current/reach_worklet.html:0
[    8166ms] [ERROR] Attestation check for Shared Storage on https://www.googleadservices.com failed. @ https://www.googleadservices.com/pagead/managed/js/activeview/current/reach_worklet.html:0
[    8300ms] [ERROR] Refused to execute script from 'https://s0.2mdn.net/sadbundle/3736365667910243773/E01_ANI_300X250_POOLOUT-CONSIDERATION-2_UCB_BIMZELX/css/style.css' because its MIME type ('text/css') is not executable, and strict MIME type checking is enabled. @ https://s0.2mdn.net/sadbundle/3736365667910243773/E01_ANI_300X250_POOLOUT-CONSIDERATION-2_UCB_BIMZELX/index.html?ev=01_262:0
[    6413ms] [ERROR] Attestation check for Shared Storage on https://www.googleadservices.com failed. @ https://www.googleadservices.com/pagead/managed/js/activeview/current/reach_worklet.html:0
[    6887ms] [ERROR] Attestation check for Shared Storage on https://www.googleadservices.com failed. @ https://www.googleadservices.com/pagead/managed/js/activeview/current/reach_worklet.html:0
[    6946ms] [ERROR] Attestation check for Shared Storage on https://www.googleadservices.com failed. @ https://www.googleadservices.com/pagead/managed/js/activeview/current/reach_worklet.html:0
[    6998ms] [ERROR] Attestation check for Shared Storage on https://www.googleadservices.com failed. @ https://www.googleadservices.com/pagead/managed/js/activeview/current/reach_worklet.html:0
[    7156ms] [ERROR] Attestation check for Shared Storage on https://www.googleadservices.com failed. @ https://www.googleadservices.com/pagead/managed/js/activeview/current/reach_worklet.html:0
[    8166ms] [ERROR] Attestation check for Shared Storage on https://www.googleadservices.com failed. @ https://www.googleadservices.com/pagead/managed/js/activeview/current/reach_worklet.html:0
[    6413ms] [ERROR] Attestation check for Shared Storage on https://www.googleadservices.com failed. @ https://www.googleadservices.com/pagead/managed/js/activeview/current/reach_worklet.html:0
[    6887ms] [ERROR] Attestation check for Shared Storage on https://www.googleadservices.com failed. @ https://www.googleadservices.com/pagead/managed/js/activeview/current/reach_worklet.html:0
[    6946ms] [ERROR] Attestation check for Shared Storage on https://www.googleadservices.com failed. @ https://www.googleadservices.com/pagead/managed/js/activeview/current/reach_worklet.html:0
[    6998ms] [ERROR] Attestation check for Shared Storage on https://www.googleadservices.com failed. @ https://www.googleadservices.com/pagead/managed/js/activeview/current/reach_worklet.html:0
[    7156ms] [ERROR] Attestation check for Shared Storage on https://www.googleadservices.com failed. @ https://www.googleadservices.com/pagead/managed/js/activeview/current/reach_worklet.html:0
[    8166ms] [ERROR] Attestation check for Shared Storage on https://www.googleadservices.com failed. @ https://www.googleadservices.com/pagead/managed/js/activeview/current/reach_worklet.html:0
[    8367ms] [ERROR] Attestation check for Shared Storage on https://www.googleadservices.com failed. @ https://www.googleadservices.com/pagead/managed/js/activeview/current/reach_worklet.html:0
[    8416ms] [ERROR] Attestation check for Shared Storage on https://www.googleadservices.com failed. @ https://www.googleadservices.com/pagead/managed/js/activeview/current/reach_worklet.html:0
[    8431ms] [WARNING] GSAP target #logo1 not found. https://gsap.com @ https://cdn.jsdelivr.net/npm/gsap@3.12.7/dist/gsap.min.js:9
[    8300ms] [ERROR] Refused to execute script from 'https://s0.2mdn.net/sadbundle/3736365667910243773/E01_ANI_300X250_POOLOUT-CONSIDERATION-2_UCB_BIMZELX/css/style.css' because its MIME type ('text/css') is not executable, and strict MIME type checking is enabled. @ https://s0.2mdn.net/sadbundle/3736365667910243773/E01_ANI_300X250_POOLOUT-CONSIDERATION-2_UCB_BIMZELX/index.html?ev=01_262:0
[    6413ms] [ERROR] Attestation check for Shared Storage on https://www.googleadservices.com failed. @ https://www.googleadservices.com/pagead/managed/js/activeview/current/reach_worklet.html:0
[    6887ms] [ERROR] Attestation check for Shared Storage on https://www.googleadservices.com failed. @ https://www.googleadservices.com/pagead/managed/js/activeview/current/reach_worklet.html:0
[    6946ms] [ERROR] Attestation check for Shared Storage on https://www.googleadservices.com failed. @ https://www.googleadservices.com/pagead/managed/js/activeview/current/reach_worklet.html:0
[    6998ms] [ERROR] Attestation check for Shared Storage on https://www.googleadservices.com failed. @ https://www.googleadservices.com/pagead/managed/js/activeview/current/reach_worklet.html:0
[    7156ms] [ERROR] Attestation check for Shared Storage on https://www.googleadservices.com failed. @ https://www.googleadservices.com/pagead/managed/js/activeview/current/reach_worklet.html:0
[    8166ms] [ERROR] Attestation check for Shared Storage on https://www.googleadservices.com failed. @ https://www.googleadservices.com/pagead/managed/js/activeview/current/reach_worklet.html:0
[    8367ms] [ERROR] Attestation check for Shared Storage on https://www.googleadservices.com failed. @ https://www.googleadservices.com/pagead/managed/js/activeview/current/reach_worklet.html:0
[    8416ms] [ERROR] Attestation check for Shared Storage on https://www.googleadservices.com failed. @ https://www.googleadservices.com/pagead/managed/js/activeview/current/reach_worklet.html:0
[    8573ms] [ERROR] Attestation check for Shared Storage on https://www.googleadservices.com failed. @ https://www.googleadservices.com/pagead/managed/js/activeview/current/reach_worklet.html:0
[    6413ms] [ERROR] Attestation check for Shared Storage on https://www.googleadservices.com failed. @ https://www.googleadservices.com/pagead/managed/js/activeview/current/reach_worklet.html:0
[    6887ms] [ERROR] Attestation check for Shared Storage on https://www.googleadservices.com failed. @ https://www.googleadservices.com/pagead/managed/js/activeview/current/reach_worklet.html:0
[    6946ms] [ERROR] Attestation check for Shared Storage on https://www.googleadservices.com failed. @ https://www.googleadservices.com/pagead/managed/js/activeview/current/reach_worklet.html:0
[    6998ms] [ERROR] Attestation check for Shared Storage on https://www.googleadservices.com failed. @ https://www.googleadservices.com/pagead/managed/js/activeview/current/reach_worklet.html:0
[    7156ms] [ERROR] Attestation check for Shared Storage on https://www.googleadservices.com failed. @ https://www.googleadservices.com/pagead/managed/js/activeview/current/reach_worklet.html:0
[    8166ms] [ERROR] Attestation check for Shared Storage on https://www.googleadservices.com failed. @ https://www.googleadservices.com/pagead/managed/js/activeview/current/reach_worklet.html:0
[    8367ms] [ERROR] Attestation check for Shared Storage on https://www.googleadservices.com failed. @ https://www.googleadservices.com/pagead/managed/js/activeview/current/reach_worklet.html:0
[    8416ms] [ERROR] Attestation check for Shared Storage on https://www.googleadservices.com failed. @ https://www.googleadservices.com/pagead/managed/js/activeview/current/reach_worklet.html:0
[    8573ms] [ERROR] Attestation check for Shared Storage on https://www.googleadservices.com failed. @ https://www.googleadservices.com/pagead/managed/js/activeview/current/reach_worklet.html:0
[    8685ms] [ERROR] Attestation check for Shared Storage on https://www.googleadservices.com failed. @ https://www.googleadservices.com/pagead/managed/js/activeview/current/reach_worklet.html:0
[    6413ms] [ERROR] Attestation check for Shared Storage on https://www.googleadservices.com failed. @ https://www.googleadservices.com/pagead/managed/js/activeview/current/reach_worklet.html:0
[    6887ms] [ERROR] Attestation check for Shared Storage on https://www.googleadservices.com failed. @ https://www.googleadservices.com/pagead/managed/js/activeview/current/reach_worklet.html:0
[    6946ms] [ERROR] Attestation check for Shared Storage on https://www.googleadservices.com failed. @ https://www.googleadservices.com/pagead/managed/js/activeview/current/reach_worklet.html:0
[    6998ms] [ERROR] Attestation check for Shared Storage on https://www.googleadservices.com failed. @ https://www.googleadservices.com/pagead/managed/js/activeview/current/reach_worklet.html:0
[    7156ms] [ERROR] Attestation check for Shared Storage on https://www.googleadservices.com failed. @ https://www.googleadservices.com/pagead/managed/js/activeview/current/reach_worklet.html:0
[    8166ms] [ERROR] Attestation check for Shared Storage on https://www.googleadservices.com failed. @ https://www.googleadservices.com/pagead/managed/js/activeview/current/reach_worklet.html:0
[    8367ms] [ERROR] Attestation check for Shared Storage on https://www.googleadservices.com failed. @ https://www.googleadservices.com/pagead/managed/js/activeview/current/reach_worklet.html:0
[    8416ms] [ERROR] Attestation check for Shared Storage on https://www.googleadservices.com failed. @ https://www.googleadservices.com/pagead/managed/js/activeview/current/reach_worklet.html:0
[    8573ms] [ERROR] Attestation check for Shared Storage on https://www.googleadservices.com failed. @ https://www.googleadservices.com/pagead/managed/js/activeview/current/reach_worklet.html:0
[    8685ms] [ERROR] Attestation check for Shared Storage on https://www.googleadservices.com failed. @ https://www.googleadservices.com/pagead/managed/js/activeview/current/reach_worklet.html:0
[   10813ms] [ERROR] Attestation check for Shared Storage on https://www.googleadservices.com failed. @ https://www.googleadservices.com/pagead/managed/js/activeview/current/reach_worklet.html:0
[   13737ms] [ERROR] Failed to load resource: net::ERR_CONNECTION_RESET @ https://pixel.adsafeprotected.com/?anId=926884&advId=quantcast&campId=onInViewMRC&impId=1216218467726841868&custom=67543a09-4321-40a9-84fa-ffc6c363f54a&custom2=6271ccdd-334f-4f60-9d39-76bccee60ac0&custom3=p-e9KDqb0WIZVj6:0
